// Jest Snapshot v1, https://goo.gl/fbAQLP

exports[`parse should not be valid when invalid url 1`] = `"url must be a valid URL"`;
